Subnegotiation: ENVIRON 1,3
Environ: SEND
  USERVAR: ""
