Subnegotiation: ENVIRON 1,0,70,79,79,3,66,65,82
Environ: SEND
  Var: FOO | Value: 
  Var: BAR | Value: 
Subnegotiation: ENVIRON 1
Environ: SEND
