Send: "��]" = [bytes] 255,252,93
Send: "��]" = [bytes] 255,252,93
Send: "��" = [bytes] 255,252,31
