Data: DATA => This is a single line of input = [bytes] 84,104,105,115,32,105,115,32,97,32,115,105,110,103,108,101,32,108,105,110,101,32,111,102,32,105,110,112,117,116
