Subnegotiation: ZMP 122,109,112,46,112,105,110,103,0
ZMP: zmp.ping
