Subnegotiation: ZMP 122,109,112,46,116,101,115,116,0,111,110,101,0,116,119,111,0
ZMP: zmp.test,one,two
