Subnegotiation: ZMP 98,97,100
Error: WARNING OK incomplete ZMP frame
